==========================================
Raw FASTQ quality control
Started: Mon Aug 10 11:57:49 PM GMT 2026
==========================================
application/gzip
application/gzip
Started analysis of SRR2584863_1.fastq.gz
application/gzip
application/gzip
application/gzip
application/gzip
Started analysis of SRR2584863_2.fastq.gz
Approx 5% complete for SRR2584863_1.fastq.gz
Started analysis of SRR2584866_1.fastq.gz
Approx 5% complete for SRR2584863_2.fastq.gz
Started analysis of SRR2584866_2.fastq.gz
Approx 10% complete for SRR2584863_1.fastq.gz
Approx 10% complete for SRR2584863_2.fastq.gz
Approx 5% complete for SRR2584866_1.fastq.gz
Approx 15% complete for SRR2584863_1.fastq.gz
Approx 5% complete for SRR2584866_2.fastq.gz
Approx 15% complete for SRR2584863_2.fastq.gz
Approx 20% complete for SRR2584863_1.fastq.gz
Approx 10% complete for SRR2584866_1.fastq.gz
Approx 20% complete for SRR2584863_2.fastq.gz
Approx 25% complete for SRR2584863_1.fastq.gz
Approx 10% complete for SRR2584866_2.fastq.gz
Approx 25% complete for SRR2584863_2.fastq.gz
Approx 30% complete for SRR2584863_1.fastq.gz
Approx 15% complete for SRR2584866_1.fastq.gz
Approx 30% complete for SRR2584863_2.fastq.gz
Approx 15% complete for SRR2584866_2.fastq.gz
Approx 35% complete for SRR2584863_1.fastq.gz
Approx 35% complete for SRR2584863_2.fastq.gz
Approx 20% complete for SRR2584866_1.fastq.gz
Approx 40% complete for SRR2584863_1.fastq.gz
Approx 40% complete for SRR2584863_2.fastq.gz
Approx 20% complete for SRR2584866_2.fastq.gz
Approx 45% complete for SRR2584863_1.fastq.gz
Approx 45% complete for SRR2584863_2.fastq.gz
Approx 25% complete for SRR2584866_1.fastq.gz
Approx 50% complete for SRR2584863_1.fastq.gz
Approx 25% complete for SRR2584866_2.fastq.gz
Approx 50% complete for SRR2584863_2.fastq.gz
Approx 55% complete for SRR2584863_1.fastq.gz
Approx 30% complete for SRR2584866_1.fastq.gz
Approx 55% complete for SRR2584863_2.fastq.gz
Approx 30% complete for SRR2584866_2.fastq.gz
Approx 60% complete for SRR2584863_1.fastq.gz
Approx 60% complete for SRR2584863_2.fastq.gz
Approx 65% complete for SRR2584863_1.fastq.gz
Approx 35% complete for SRR2584866_1.fastq.gz
Approx 65% complete for SRR2584863_2.fastq.gz
Approx 35% complete for SRR2584866_2.fastq.gz
Approx 70% complete for SRR2584863_1.fastq.gz
Approx 70% complete for SRR2584863_2.fastq.gz
Approx 40% complete for SRR2584866_1.fastq.gz
Approx 75% complete for SRR2584863_1.fastq.gz
Approx 40% complete for SRR2584866_2.fastq.gz
Approx 75% complete for SRR2584863_2.fastq.gz
Approx 80% complete for SRR2584863_1.fastq.gz
Approx 80% complete for SRR2584863_2.fastq.gz
Approx 45% complete for SRR2584866_1.fastq.gz
Approx 85% complete for SRR2584863_1.fastq.gz
Approx 45% complete for SRR2584866_2.fastq.gz
Approx 85% complete for SRR2584863_2.fastq.gz
Approx 90% complete for SRR2584863_1.fastq.gz
Approx 50% complete for SRR2584866_1.fastq.gz
Approx 90% complete for SRR2584863_2.fastq.gz
Approx 50% complete for SRR2584866_2.fastq.gz
Approx 95% complete for SRR2584863_1.fastq.gz
Approx 95% complete for SRR2584863_2.fastq.gz
Analysis complete for SRR2584863_1.fastq.gz
Approx 55% complete for SRR2584866_1.fastq.gz
Analysis complete for SRR2584863_2.fastq.gz
Approx 55% complete for SRR2584866_2.fastq.gz
Approx 60% complete for SRR2584866_1.fastq.gz
Approx 60% complete for SRR2584866_2.fastq.gz
Approx 65% complete for SRR2584866_1.fastq.gz
Started analysis of SRR2589044_1.fastq.gz
Approx 65% complete for SRR2584866_2.fastq.gz
Approx 5% complete for SRR2589044_1.fastq.gz
Started analysis of SRR2589044_2.fastq.gz
Approx 10% complete for SRR2589044_1.fastq.gz
Approx 5% complete for SRR2589044_2.fastq.gz
Approx 70% complete for SRR2584866_1.fastq.gz
Approx 15% complete for SRR2589044_1.fastq.gz
Approx 10% complete for SRR2589044_2.fastq.gz
Approx 70% complete for SRR2584866_2.fastq.gz
Approx 20% complete for SRR2589044_1.fastq.gz
Approx 15% complete for SRR2589044_2.fastq.gz
Approx 75% complete for SRR2584866_1.fastq.gz
Approx 25% complete for SRR2589044_1.fastq.gz
Approx 20% complete for SRR2589044_2.fastq.gz
Approx 75% complete for SRR2584866_2.fastq.gz
Approx 30% complete for SRR2589044_1.fastq.gz
Approx 25% complete for SRR2589044_2.fastq.gz
Approx 35% complete for SRR2589044_1.fastq.gz
Approx 30% complete for SRR2589044_2.fastq.gz
Approx 80% complete for SRR2584866_1.fastq.gz
Approx 40% complete for SRR2589044_1.fastq.gz
Approx 35% complete for SRR2589044_2.fastq.gz
Approx 80% complete for SRR2584866_2.fastq.gz
Approx 45% complete for SRR2589044_1.fastq.gz
Approx 40% complete for SRR2589044_2.fastq.gz
Approx 50% complete for SRR2589044_1.fastq.gz
Approx 85% complete for SRR2584866_1.fastq.gz
Approx 45% complete for SRR2589044_2.fastq.gz
Approx 85% complete for SRR2584866_2.fastq.gz
Approx 55% complete for SRR2589044_1.fastq.gz
Approx 50% complete for SRR2589044_2.fastq.gz
Approx 60% complete for SRR2589044_1.fastq.gz
Approx 55% complete for SRR2589044_2.fastq.gz
Approx 90% complete for SRR2584866_1.fastq.gz
Approx 65% complete for SRR2589044_1.fastq.gz
Approx 60% complete for SRR2589044_2.fastq.gz
Approx 90% complete for SRR2584866_2.fastq.gz
Approx 70% complete for SRR2589044_1.fastq.gz
Approx 65% complete for SRR2589044_2.fastq.gz
Approx 75% complete for SRR2589044_1.fastq.gz
Approx 95% complete for SRR2584866_1.fastq.gz
Approx 70% complete for SRR2589044_2.fastq.gz
Approx 95% complete for SRR2584866_2.fastq.gz
Approx 80% complete for SRR2589044_1.fastq.gz
Approx 75% complete for SRR2589044_2.fastq.gz
Approx 85% complete for SRR2589044_1.fastq.gz
Approx 80% complete for SRR2589044_2.fastq.gz
Analysis complete for SRR2584866_1.fastq.gz
Approx 90% complete for SRR2589044_1.fastq.gz
Approx 85% complete for SRR2589044_2.fastq.gz
Analysis complete for SRR2584866_2.fastq.gz
Approx 95% complete for SRR2589044_1.fastq.gz
Approx 90% complete for SRR2589044_2.fastq.gz
Analysis complete for SRR2589044_1.fastq.gz
Approx 95% complete for SRR2589044_2.fastq.gz
Analysis complete for SRR2589044_2.fastq.gz

Running MultiQC...

/// MultiQC 🔍 v1.35

       file_search | Search path: /home/reyes/bioinformatics/LTEE_variant_analysis/results/fastqc_raw
            fastqc | Found 6 reports
     write_results | Data        : results/multiqc/raw/multiqc_data
     write_results | Report      : results/multiqc/raw/multiqc_report.html
           multiqc | MultiQC complete

==========================================
Raw-read QC complete
Finished: Mon Aug 10 11:58:23 PM GMT 2026

MultiQC report:
results/multiqc/raw/multiqc_report.html
==========================================
