========================================
Examining SRR2584863
========================================

Number of zero-coverage intervals:
6

Total bases with zero coverage:
6928

Ten largest zero-coverage intervals:
CP000819.1	3895000	3901452	6452
CP000819.1	1270155	1270337	182
CP000819.1	3741966	3742141	175
CP000819.1	1270405	1270489	84
CP000819.1	1270535	1270568	33
CP000819.1	4017761	4017763	2

========================================
Examining SRR2584866
========================================

Number of zero-coverage intervals:
62

Total bases with zero coverage:
317471

Ten largest zero-coverage intervals:
CP000819.1	4304956	4333227	28271
CP000819.1	2086867	2114580	27713
CP000819.1	4522345	4546463	24118
CP000819.1	4565814	4587648	21834
CP000819.1	2035094	2055107	20013
CP000819.1	4289283	4304918	15635
CP000819.1	573493	588487	14994
CP000819.1	2883967	2897416	13449
CP000819.1	592065	604413	12348
CP000819.1	558364	569028	10664

========================================
Examining SRR2589044
========================================

Number of zero-coverage intervals:
5

Total bases with zero coverage:
6666

Ten largest zero-coverage intervals:
CP000819.1	3895000	3901452	6452
CP000819.1	762233	762359	126
CP000819.1	1270408	1270467	59
CP000819.1	1270231	1270258	27
CP000819.1	4017761	4017763	2

