==============================================
Preparing PASS variants for SRR2589044
==============================================
[W::bcf_hdr_check_sanity] MQ should be declared as Type=Float
[W::bcf_hdr_check_sanity] MQ should be declared as Type=Float
Lines   total/split/joined/realigned/mismatch_removed/dup_removed/skipped:	9/0/0/2/0/0/0
[W::bcf_hdr_check_sanity] MQ should be declared as Type=Float
[W::bcf_hdr_check_sanity] MQ should be declared as Type=Float
[W::bcf_hdr_check_sanity] MQ should be declared as Type=Float
[W::bcf_hdr_check_sanity] MQ should be declared as Type=Float
==============================================
Preparing PASS variants for SRR2584863
==============================================
[W::bcf_hdr_check_sanity] MQ should be declared as Type=Float
[W::bcf_hdr_check_sanity] MQ should be declared as Type=Float
Lines   total/split/joined/realigned/mismatch_removed/dup_removed/skipped:	26/0/0/4/0/0/0
[W::bcf_hdr_check_sanity] MQ should be declared as Type=Float
[W::bcf_hdr_check_sanity] MQ should be declared as Type=Float
[W::bcf_hdr_check_sanity] MQ should be declared as Type=Float
[W::bcf_hdr_check_sanity] MQ should be declared as Type=Float
==============================================
Preparing PASS variants for SRR2584866
==============================================
[W::bcf_hdr_check_sanity] MQ should be declared as Type=Float
[W::bcf_hdr_check_sanity] MQ should be declared as Type=Float
Lines   total/split/joined/realigned/mismatch_removed/dup_removed/skipped:	794/0/0/100/0/0/0
[W::bcf_hdr_check_sanity] MQ should be declared as Type=Float
[W::bcf_hdr_check_sanity] MQ should be declared as Type=Float
[W::bcf_hdr_check_sanity] MQ should be declared as Type=Float
[W::bcf_hdr_check_sanity] MQ should be declared as Type=Float

sample      generation  run         pass_variants  snps  indels  ts_tv
Ara3_5000   5000        SRR2589044  9              6     3       2.00
Ara3_15000  15000       SRR2584863  26             20    6       0.33
Ara3_50000  50000       SRR2584866  794            688   106     10.86
