00:00:00 SnpEff version SnpEff 5.4c (build 2026-02-23 07:25), by Pablo Cingolani
00:00:00 Command: 'build'
00:00:00 Building database for 'REL606'
00:00:00 Reading configuration file 'snpeff/snpEff.config'. Genome: 'REL606'
00:00:00 Looking for config file: '/home/reyes/bioinformatics/LTEE_variant_analysis/snpeff/snpEff.config'
00:00:00 Reading config file: /home/reyes/bioinformatics/LTEE_variant_analysis/snpeff/snpEff.config
00:00:00 Codon table 'Bacterial_and_Plant_Plastid' assigned to chromosome 'CP000819.1'
00:00:00 done
00:00:01 Chromosome: 'CP000819.1'	length: 4629812
00:00:01 Create exons from CDS (if needed): 
..................................................................................................................................................................................................................................................................................................................................................................................................................................................................................................................................................................................................................................................................................................................................................................................................................................................................................................................................................................................................................................................................................................................................................................................................................................................................................................................................................................................................................................................................................................................................................................................................................................................................................................................................................................................................................................................................................................................................................................................................................................................................................................................................................................................................................................................................................................................................................................................................................................................................................................................................................................................................................................................................................................................................................................................................................................................................................................................................................................................................................................................................................................................................................................................................................................................................................................................................................................................................................................................................................................................................................................................................................................................................................................................................................................................................................................................................................................................................................................................................................................................................................................................................................................................................................................................................................................................................................................................00:00:01 Exons created for 4209 transcripts.
00:00:01 Deleting redundant exons (if needed): 
00:00:01 	Total transcripts with deleted exons: 0
00:00:01 Collapsing zero length introns (if needed): 
00:00:01 	Total collapsed transcripts: 0
00:00:01 		Adding genomic sequences to genes: 
00:00:01 	Done (3619 sequences added).
00:00:01 		Adding genomic sequences to exons: 
00:00:01 	Done (4210 sequences added, 0 ignored).
00:00:01 Finishing up genome
00:00:01 Adjusting transcripts: 
00:00:01 Adjusting genes: 
00:00:01 Adjusting chromosomes lengths: 
00:00:01 Ranking exons: 
00:00:01 Create UTRs from CDS (if needed): 
00:00:01 Remove empty chromosomes: 
00:00:01 Marking as 'coding' from CDS information: 
00:00:01 Done: 0 transcripts marked
00:00:01 
00:00:01 Caracterizing exons by splicing (stage 1) : 
	....
00:00:01 Caracterizing exons by splicing (stage 2) : 
	....00:00:01 done.
00:00:01 [Optional] Rare amino acid annotations
WARNING_FILE_NOT_FOUND: Rare Amino Acid analysis: Cannot read protein sequence file '/home/reyes/bioinformatics/LTEE_variant_analysis/snpeff/./data/REL606/protein.fa', nothing done.
00:00:01 CDS check: GenBank file format, skipping

00:00:01 Protein check file: '/home/reyes/bioinformatics/LTEE_variant_analysis/snpeff/./data/REL606/genes.gbk'

00:00:01 Checking database using protein sequences
00:00:01 Comparing Proteins...
	Labels:
		'+' : OK
		'.' : Missing
		'*' : Error
	+++++++++++++++++++++++++++++++++++++++++++++++++++++++++++++++++++++++++++++++++++++++++++++++++++
	++++++++++++++++++++++++++++++++++++++++++++++++++++++++++++++++++++++++++++++++++++++++++++++++++++
	++++++++++++++++++++++++++++++++++++++++++++++++++++++++++++++++++++++++++++++++++++++++++++++++++++
	++++++++++++++++++++++++++++++++++++++++++++++++++++++++++++++++++++++++++++++++++++++++++++++++++++
	++++++++++++++++++++++++++++++++++++++++++++++++++++++++++++++++++++++++++++++++++++++++++++++++++++
	++++++++++++++++++++++++++++++++++++++++++++++++++++++++++++++++++++++++++++++++++++++++++++++++++++
	++++++++++++++++++++++++++++++++++++++++++++++++++++++++++++++++++++++++++++++++++++++++++++++++++++
	++++++++++++++++++++++++++++++++++++++++++++++++++++++++++++++++++++++++++++++++++++++++++++++++++++
	++++++++++++++++++++++++++++++++++++++++++++++++++++++++++++++++++++++++++++++++++++++++++++++++++++
	++++++++++++++++++++++++++++++++++++++++++++++++++++++++++++++++++++++++++++++++++++++++++++++++++++
	++++++++++++++++++++++++++++++++++++++++++++++++++++++++++++++++++++++++++++++++++++++++++++++++++++
	++++++++++++++++++++++++++++++++++++++++++++++++++++++++++++++++++++++++++++++++++++++++++++++++++++
	++++++++++++++++++++++++++++++++++++++++++++++++++++++++++++++++++++++++++++++++++++++++++++++++++++
	++++++++++++++++++++++++++++++++++++++++++++++++++++++++++++++++++++++++++++++++++++++++++++++++++++
	++++++++++++++++++++++++++++++++++++++++++++++++++++++++++++++++++++++++++++++++++++++++++++++++++++
	++++++++++++++++++++++++++++++++++++++++++++++++++++++++++++++++++++++++++++++++++++++++++++++++++++
	++++++++++++++++++++++++++++++++++++++++++++++++++++++++++++++++++++++++++++++++++++++++++++++++++++
	++++++++++++++++++++++++++++++++++++++++++++++++++++++++++++++++++++++++++++++++++++++++++++++++++++
	++++++++++++++++++++++++++++++++++++++++++++++++++++++++++++++++++++++++++++++++++++++++++++++++++++
	++++++++++++++++++++++++++++++++++++++++++++++++++++++++++++++++++++++++++++++++++++++++++++++++++++
	++++++++++++++++++++++++++++++++++++++++++++++++++++++++++++++++++++++++++++++++++++++++++++++++++++
	++++++++++++++++++++++++++++++++++++++++++++++++++++++++++++++++++++++++++++++++++++++++++++++++++++
	++++++++++++++++++++++++++++++++++++++++++++++++++++++++++++++++++++++++++++++++++++++++++++++++++++
	++++++++++++++++++++++++++++++++++++++++++++++++++++++++++++++++++++++++++++++++++++++++++++++++++++
	++++++++++++++++++++++++++++++++++++++++++++++++++++++++++++++++++++++++++++++++++++++++++++++++++++
	++++++++++++++++++++++++++++++++++++++++++++++++++++++++++++++++++++++++++++++++++++++++++++++++++++
	++++++++++++++++++++++++++++++++++++++++++++++++++++++++++++++++++++++++++++++++++++++++++++++++++++
	++++++++++++++++++++++++++++++++++++++++++++++++++++++++++++++++++++++++++++++++++++++++++++++++++++
	++++++++++++++++++++++++++++++++++++++++++++++++++++++++++++++++++++++++++++++++++++++++++++++++++++
	++++++++++++++++++++++++++++++++++++++++++++++++++++++++++++++++++++++++++++++++++++++++++++++++++++
	++++++++++++++++++++++++++++++++++++++++++++++++++++++++++++++++++++++++++++++++++++++++++++++++++++
	++++++++++++++++++++++++++++++++++++++++++++++++++++++++++++++++++++++++++++++++++++++++++++++++++++
	++++++++++++++++++++++++++++++++++++++++++++++++++++++++++++++++++++++++++++++++++++++++++++++++++++
	++++++++++++++++++++++++++++++++++++++++++++++++++++++++++++++++++++++++++++++++++++++++++++++++++++
	++++++++++++++++++++++++++++++++++++++++++++++++++++++++++++++++++++++++++++++++++++++++++++++++++++
	++++++++++++++++++++++++++++++++++++++++++++++++++++++++++++++++++++++++++++++++++++++++++++++++++++
	++++++++++++++++++++++++++++++++++++++++++++++++++++++++++++++++++++++++++++++++++++++++++++++++++++
	++++++++++++++++++++++++++++++++++++++++++++++++++++++++++++++++++++++++++++++++++++++++++++++++++++
	++++++++++++++++++++++++++++++++++++++++++++++++++++++++++++++++++++++++++++++++++++++++++++++++++++
	++++++++++++++++++++++++++++++++++++++++++++++++++++++++++++++++++++++++++++++++++++++++++++++++++++
	++++++++++++++++++++++++++++++++++++++++++++++++++++++++++++++++++++++++++++++++++++++++++++++++++++
	++++++++++++++++++++++++++++++++++++++++++++++++++++++++++++++++++++++++++++++++++++++++++++++++++++
	++++++++++00:00:01 

	Protein check:	REL606	OK: 4209	Not found: 0	Errors: 0	Error percentage: 0.0%
00:00:01 Saving database
00:00:02 Saving sequences for chromosome 'CP000819.1' to file '/home/reyes/bioinformatics/LTEE_variant_analysis/snpeff/./data/REL606/sequence.CP000819.1.bin'
00:00:03 [Optional] Reading regulation elements: GFF
WARNING_FILE_NOT_FOUND: Cannot read optional regulation file '/home/reyes/bioinformatics/LTEE_variant_analysis/snpeff/./data/REL606/regulation.gff', nothing done.
00:00:03 [Optional] Reading regulation elements: BED 
00:00:03 Cannot find optional regulation dir '/home/reyes/bioinformatics/LTEE_variant_analysis/snpeff/./data/REL606/regulation.bed/', nothing done.
00:00:03 [Optional] Reading motifs: GFF
WARNING_FILE_NOT_FOUND: Cannot open PWMs file /home/reyes/bioinformatics/LTEE_variant_analysis/snpeff/./data/REL606/pwms.bin. Nothing done
00:00:03 Done
00:00:03 Done.
