Primary annotation table created:
results/statistics/annotation/primary_variant_annotations.tsv

sample      generation  run         chrom       position  ref      alt                        qual     allele                     consequence                      impact    gene       gene_id    feature_type  feature_id  biotype         hgvs_c                                hgvs_p
Ara3_5000   5000        SRR2589044  CP000819.1  648692    C        T                          225.417  T                          missense_variant                 MODERATE  mrdB       ECB_00603  transcript    ECB_00603   protein_coding  c.206G>A                              p.Arg69His
Ara3_5000   5000        SRR2589044  CP000819.1  1331794   C        A                          225.417  A                          missense_variant                 MODERATE  topA       ECB_01250  transcript    ECB_01250   protein_coding  c.2375C>A                             p.Thr792Lys
Ara3_5000   5000        SRR2589044  CP000819.1  1733343   G        A                          225.417  A                          missense_variant                 MODERATE  pykF       ECB_01645  transcript    ECB_01645   protein_coding  c.379G>A                              p.Asp127Asn
Ara3_5000   5000        SRR2589044  CP000819.1  2103887   A        ACAGC                      207.185  ACAGC                      frameshift_variant               HIGH      ECB_01992  ECB_01992  transcript    ECB_01992   protein_coding  c.182_185dupCCAG                      p.Arg62fs
Ara3_5000   5000        SRR2589044  CP000819.1  3444175   G        T                          225.417  T                          missense_variant                 MODERATE  dam        ECB_03239  transcript    ECB_03239   protein_coding  c.421C>A                              p.Pro141Thr
Ara3_5000   5000        SRR2589044  CP000819.1  3481820   A        G                          225.417  G                          missense_variant                 MODERATE  malT       ECB_03270  transcript    ECB_03270   protein_coding  c.136A>G                              p.Thr46Ala
Ara3_5000   5000        SRR2589044  CP000819.1  3893550   A        AG                         228.341  AG                         upstream_gene_variant            MODIFIER  yieM       ECB_03629  transcript    ECB_03629   protein_coding  c.-3587_-3586insC                     
Ara3_5000   5000        SRR2589044  CP000819.1  4100183   A        G                          225.417  G                          missense_variant                 MODERATE  hslU       ECB_03816  transcript    ECB_03816   protein_coding  c.1048T>C                             p.Ser350Pro
Ara3_5000   5000        SRR2589044  CP000819.1  4431393   TGG      T                          228.417  T                          frameshift_variant               HIGH      ytfN       ECB_04092  transcript    ECB_04092   protein_coding  c.3526_3527delGG                      p.Gly1176fs
Ara3_15000  15000       SRR2584863  CP000819.1  9972      T        G                          225.417  G                          missense_variant                 MODERATE  yaaH       ECB_00010  transcript    ECB_00010   protein_coding  c.521A>C                              p.Asn174Thr
Ara3_15000  15000       SRR2584863  CP000819.1  263235    G        T                          228.316  T                          missense_variant                 MODERATE  insB-3     ECB_00237  transcript    ECB_00237   protein_coding  c.195G>T                              p.Arg65Ser
Ara3_15000  15000       SRR2584863  CP000819.1  281923    G        T                          225.417  T                          upstream_gene_variant            MODIFIER  yagW       ECB_00249  transcript    ECB_00249   protein_coding  c.-4924C>A                            
Ara3_15000  15000       SRR2584863  CP000819.1  377000    T        G                          228.395  G                          missense_variant                 MODERATE  insB-5     ECB_00340  transcript    ECB_00340   protein_coding  c.268A>C                              p.Met90Leu
Ara3_15000  15000       SRR2584863  CP000819.1  433359    C        CT                         228.395  CT                         upstream_gene_variant            MODIFIER  insL-2     ECB_00390  transcript    ECB_00390   protein_coding  c.-2573_-2572insA                     
Ara3_15000  15000       SRR2584863  CP000819.1  473901    C        CCG                        228.411  CCG                        frameshift_variant               HIGH      ybaL       ECB_00429  transcript    ECB_00429   protein_coding  c.1403_1404dupCG                      p.Ala469fs
Ara3_15000  15000       SRR2584863  CP000819.1  648692    C        T                          225.417  T                          missense_variant                 MODERATE  mrdB       ECB_00603  transcript    ECB_00603   protein_coding  c.206G>A                              p.Arg69His
Ara3_15000  15000       SRR2584863  CP000819.1  1331794   C        A                          225.417  A                          missense_variant                 MODERATE  topA       ECB_01250  transcript    ECB_01250   protein_coding  c.2375C>A                             p.Thr792Lys
Ara3_15000  15000       SRR2584863  CP000819.1  1733343   G        A                          225.417  A                          missense_variant                 MODERATE  pykF       ECB_01645  transcript    ECB_01645   protein_coding  c.379G>A                              p.Asp127Asn
Ara3_15000  15000       SRR2584863  CP000819.1  2103887   A        ACAGCCAGCCAGCCAGCCAGCCAGC  181.962  ACAGCCAGCCAGCCAGCCAGCCAGC  disruptive_inframe_insertion     MODERATE  ECB_01992  ECB_01992  transcript    ECB_01992   protein_coding  c.162_185dupCCAGCCAGCCAGCCAGCCAGCCAG  p.Ser54_Ala61dup
Ara3_15000  15000       SRR2584863  CP000819.1  2333538   A        AT                         228.399  AT                         downstream_gene_variant          MODIFIER  elaC       ECB_02195  transcript    ECB_02195   protein_coding  c.*4500_*4501insT                     
Ara3_15000  15000       SRR2584863  CP000819.1  2407766   A        C                          228.268  C                          missense_variant                 MODERATE  insB-18    ECB_02270  transcript    ECB_02270   protein_coding  c.195T>G                              p.Ser65Arg
Ara3_15000  15000       SRR2584863  CP000819.1  2446984   A        C                          225.417  C                          upstream_gene_variant            MODIFIER  ypdG       ECB_02296  transcript    ECB_02296   protein_coding  c.-4865T>G                            
Ara3_15000  15000       SRR2584863  CP000819.1  2618472   G        T                          228.329  T                          missense_variant                 MODERATE  insB-19    ECB_02452  transcript    ECB_02452   protein_coding  c.195G>T                              p.Arg65Ser
Ara3_15000  15000       SRR2584863  CP000819.1  2665639   A        T                          225.417  T                          missense_variant                 MODERATE  rplS       ECB_02495  transcript    ECB_02495   protein_coding  c.299T>A                              p.Leu100Gln
Ara3_15000  15000       SRR2584863  CP000819.1  2999330   G        A                          225.417  A                          upstream_gene_variant            MODIFIER  speC       ECB_02795  transcript    ECB_02795   protein_coding  c.-4515C>T                            
Ara3_15000  15000       SRR2584863  CP000819.1  3339313   A        C                          225.417  C                          missense_variant                 MODERATE  fis        ECB_03119  transcript    ECB_03119   protein_coding  c.152A>C                              p.Tyr51Ser
Ara3_15000  15000       SRR2584863  CP000819.1  3401754   C        A                          225.417  A                          missense_variant                 MODERATE  rpsG       ECB_03192  transcript    ECB_03192   protein_coding  c.233G>T                              p.Arg78Leu
Ara3_15000  15000       SRR2584863  CP000819.1  3481820   A        G                          225.417  G                          missense_variant                 MODERATE  malT       ECB_03270  transcript    ECB_03270   protein_coding  c.136A>G                              p.Thr46Ala
Ara3_15000  15000       SRR2584863  CP000819.1  3488669   A        C                          225.417  C                          missense_variant                 MODERATE  glpR       ECB_03274  transcript    ECB_03274   protein_coding  c.538T>G                              p.Ser180Ala
